0 ffffff90 acos
0 ffffff91 testPrintFloat
0 ffffff92 testPrintInt
0 ffffff93 ceil
0 ffffff94 floor
0 ffffff95 sqrt
0 ffffff96 atan2
0 ffffff97 cos
0 ffffff98 sin
0 ffffff99 strncpy
0 ffffff9a memcpy
0 ffffff9b memset
0 ffffffa6 trap_FS_Seek
0 ffffffa7 trap_R_inPVS
0 ffffffa8 trap_R_AddPolysToScene
0 ffffffa9 trap_GetEntityToken
0 ffffffaa trap_R_AddAdditiveLightToScene
0 ffffffab trap_CM_TransformedCapsuleTrace
0 ffffffac trap_CM_CapsuleTrace
0 ffffffad trap_CM_TempCapsuleModel
0 ffffffae trap_S_StopLoopingSound
0 ffffffaf trap_S_AddRealLoopingSound
0 ffffffb0 trap_R_RemapShader
0 ffffffb1 trap_CIN_SetExtents
0 ffffffb2 trap_CIN_DrawCinematic
0 ffffffb3 trap_CIN_RunCinematic
0 ffffffb4 trap_CIN_StopCinematic
0 ffffffb5 trap_CIN_PlayCinematic
0 ffffffb6 trap_R_LightForPoint
0 ffffffb7 trap_RemoveCommand
0 ffffffb8 trap_SnapVector
0 ffffffb9 trap_RealTime
0 ffffffba trap_S_StopBackgroundTrack
0 ffffffbb trap_PC_SourceFileAndLine
0 ffffffbc trap_PC_ReadToken
0 ffffffbd trap_PC_FreeSource
0 ffffffbe trap_PC_LoadSource
0 ffffffbf trap_PC_AddGlobalDefine
0 ffffffc0 trap_Key_GetKey
0 ffffffc1 trap_Key_SetCatcher
0 ffffffc2 trap_Key_GetCatcher
0 ffffffc3 trap_Key_IsDown
0 ffffffc4 trap_R_RegisterFont
0 ffffffc5 trap_MemoryRemaining
0 ffffffc6 trap_R_RegisterShaderNoMip
0 ffffffc7 trap_SetUserCmdValue
0 ffffffc8 trap_GetUserCmd
0 ffffffc9 trap_GetCurrentCmdNumber
0 ffffffca trap_GetServerCommand
0 ffffffcb trap_GetSnapshot
0 ffffffcc trap_GetCurrentSnapshotNumber
0 ffffffcd trap_GetGameState
0 ffffffce trap_GetGlconfig
0 ffffffcf trap_R_LerpTag
0 ffffffd0 trap_R_ModelBounds
0 ffffffd1 trap_R_DrawStretchPic
0 ffffffd2 trap_R_SetColor
0 ffffffd3 trap_R_RenderScene
0 ffffffd4 trap_R_AddLightToScene
0 ffffffd5 trap_R_AddPolyToScene
0 ffffffd6 trap_R_AddRefEntityToScene
0 ffffffd7 trap_R_ClearScene
0 ffffffd8 trap_R_RegisterShader
0 ffffffd9 trap_R_RegisterSkin
0 ffffffda trap_R_RegisterModel
0 ffffffdb trap_R_LoadWorldMap
0 ffffffdc trap_S_StartBackgroundTrack
0 ffffffdd trap_S_RegisterSound
0 ffffffde trap_S_Respatialize
0 ffffffdf trap_S_UpdateEntityPosition
0 ffffffe0 trap_S_AddLoopingSound
0 ffffffe1 trap_S_ClearLoopingSounds
0 ffffffe2 trap_S_StartLocalSound
0 ffffffe3 trap_S_StartSound
0 ffffffe4 trap_CM_MarkFragments
0 ffffffe5 trap_CM_TransformedBoxTrace
0 ffffffe6 trap_CM_BoxTrace
0 ffffffe7 trap_CM_TransformedPointContents
0 ffffffe8 trap_CM_PointContents
0 ffffffe9 trap_CM_TempBoxModel
0 ffffffea trap_CM_LoadModel
0 ffffffeb trap_CM_InlineModel
0 ffffffec trap_CM_NumInlineModels
0 ffffffed trap_CM_LoadMap
0 ffffffee trap_UpdateScreen
0 ffffffef trap_SendClientCommand
0 fffffff0 trap_AddCommand
0 fffffff1 trap_SendConsoleCommand
0 fffffff2 trap_FS_FCloseFile
0 fffffff3 trap_FS_Write
0 fffffff4 trap_FS_Read
0 fffffff5 trap_FS_FOpenFile
0 fffffff6 trap_Args
0 fffffff7 trap_Argv
0 fffffff8 trap_Argc
0 fffffff9 trap_Cvar_VariableStringBuffer
0 fffffffa trap_Cvar_Set
0 fffffffb trap_Cvar_Update
0 fffffffc trap_Cvar_Register
0 fffffffd trap_Milliseconds
0 fffffffe trap_Error
0 ffffffff trap_Print
0        0 vmMain
0       87 CG_RegisterCvars
0       ff CG_ForceModelChange
0      12a CG_UpdateCvars
0      176 CG_CrosshairPlayer
0      187 CG_LastAttacker
0      198 CG_Printf
0      1b3 CG_Error
0      1ce Com_Error
0      1e9 Com_Printf
0      204 CG_Argv
0      213 CG_RegisterItemSounds
0      2b0 CG_RegisterSounds
0      75f CG_RegisterGraphics
0      bc3 CG_BuildSpectatorString
0      c17 CG_RegisterClients
0      c5e CG_ConfigString
0      c7f CG_StartMusic
0      cb3 CG_Init
0      dcd CG_Shutdown
0      dd0 CG_EventHandling
0      dd3 CG_KeyEvent
0      dd6 CG_MouseEvent
0      dd9 BG_FindItemForPowerup
0      e20 BG_FindItemForHoldable
0      e5e BG_FindItemForWeapon
0      e95 BG_FindItem
0      ec4 BG_PlayerTouchesItem
0      f24 BG_CanItemBeGrabbed
0     1059 BG_EvaluateTrajectory
0     11ef BG_EvaluateTrajectoryDelta
0     12eb BG_AddPredictableEventToPlayerstate
0     1322 BG_TouchJumpPad
0     1396 BG_PlayerStateToEntityState
0     158a BG_PlayerStateToEntityStateExtraPolate
0     178b PM_AddEvent
0     179a PM_AddTouchEnt
0     17f3 PM_StartTorsoAnim
0     1819 PM_StartLegsAnim
0     1849 PM_ContinueLegsAnim
0     1869 PM_ContinueTorsoAnim
0     1889 PM_ForceLegsAnim
0     1899 PM_ClipVelocity
0     1914 PM_Friction
0     1a07 PM_Accelerate
0     1a83 PM_CmdScale
0     1b27 PM_SetMovementDir
0     1c73 PM_CheckJump
0     1d00 PM_CheckWaterJump
0     1de9 PM_WaterJumpMove
0     1e2a PM_WaterMove
0     1f60 PM_FlyMove
0     1ff0 PM_AirMove
0     2097 PM_GrappleMove
0     214e PM_WalkMove
0     2352 PM_DeadMove
0     23cb PM_NoclipMove
0     2523 PM_FootstepForSurface
0     253c PM_CrashLand
0     263d PM_CorrectAllSolid
0     272c PM_GroundTraceMissed
0     27c5 PM_GroundTrace
0     293a PM_SetWaterLevel
0     2a0f PM_CheckDuck
0     2b60 PM_Footsteps
0     2ce0 PM_WaterEvents
0     2d37 PM_BeginWeaponChange
0     2d81 PM_FinishWeaponChange
0     2dc9 PM_TorsoAnimation
0     2de8 PM_Weapon
0     300e PM_Animate
0     3033 PM_DropTimers
0     30bd PM_UpdateViewAngles
0     3165 PmoveSingle
0     344e Pmove
0     34da PM_SlideMove
0     38ea PM_StepSlideMove
0     3a71 swapfunc
0     3af8 med3
0     3b8b qsort
0     3f48 strlen
0     3f63 strcat
0     3faa strcpy
0     3fe3 strcmp
0     4029 strchr
0     4059 strrchr
0     408c strstr
0     40da tolower
0     40f2 toupper
0     410a memmove
0     415d powN
0     41bc tan
0     41d3 srand
0     41da rand
0     41f0 atof
0     42b9 _atof
0     4388 strtod
0     46ef atoi
0     4770 _atoi
0     47f7 strtol
0     494b abs
0     4964 fabs
0     497d dopr
0     507c fmtstr
0     5160 fmtint
0     5317 abs_val
0     532a round
0     534b fmtfp
0     55fc dopr_outch
0     5625 Q_vsnprintf
0     563b sscanf
0     577a CG_TargetCommand_f
0     57ac CG_SizeUp_f
0     57c2 CG_SizeDown_f
0     57d8 CG_Viewpos_f
0     57f0 CG_ScoresDown_f
0     5812 CG_ScoresUp_f
0     5820 CG_TellTarget_f
0     584b CG_TellAttacker_f
0     5876 CG_StartOrbit_f
0     58be CG_ConsoleCommand
0     58fc CG_InitConsoleCommands
0     598c CG_DrawField
0     5acc CG_Draw3DModel
0     5b45 CG_DrawHead
0     5bfe CG_DrawFlagModel
0     5ce3 CG_DrawStatusBarHead
0     5e56 CG_DrawStatusBarFlag
0     5e6f CG_DrawTeamBackground
0     5eb7 CG_DrawStatusBar
0     60b2 CG_DrawAttacker
0     616c CG_DrawSnapshot
0     61ac CG_DrawFPS
0     6244 CG_DrawTimer
0     62b6 CG_DrawTeamOverlay
0     65f9 CG_DrawUpperRight
0     6663 CG_DrawScores
0     69dd CG_DrawPowerups
0     6ba3 CG_DrawLowerRight
0     6bd1 CG_DrawPickupItem
0     6c47 CG_DrawLowerLeft
0     6c75 CG_DrawTeamInfo
0     6d6b CG_DrawHoldableItem
0     6d97 CG_DrawReward
0     6ec0 CG_AddLagometerFrameInfo
0     6ee0 CG_AddLagometerSnapshotInfo
0     6f27 CG_DrawDisconnect
0     6f9d CG_DrawLagometer
0     71ba CG_CenterPrint
0     71f8 CG_DrawCenterString
0     72ce CG_DrawCrosshair
0     73ac CG_DrawCrosshair3D
0     74a9 CG_ScanForCrosshairEntity
0     7518 CG_DrawCrosshairNames
0     757b CG_DrawSpectator
0     75a9 CG_DrawVote
0     75f4 CG_DrawTeamVote
0     767e CG_DrawScoreboard
0     7688 CG_DrawIntermission
0     76a0 CG_DrawFollow
0     7708 CG_DrawAmmoWarning
0     7741 CG_DrawWarmup
0     793f CG_Draw2D
0     79cf CG_DrawActive
0     7a05 CG_AdjustFrom640
0     7a3c CG_FillRect
0     7a76 CG_DrawSides
0     7ad7 CG_DrawTopBottom
0     7b38 CG_DrawRect
0     7b76 CG_DrawPic
0     7ba8 CG_DrawChar
0     7c20 CG_DrawStringExt
0     7d49 CG_DrawBigString
0     7d81 CG_DrawBigStringColor
0     7da7 CG_DrawSmallString
0     7ddb CG_DrawSmallStringColor
0     7dfc CG_DrawStrlen
0     7e35 CG_TileClearBox
0     7e99 CG_TileClear
0     7f35 CG_FadeColor
0     7f79 CG_TeamColor
0     7f9c CG_GetColorForHealth
0     8039 CG_ColorForHealth
0     804e UI_DrawBannerString2
0     8118 UI_DrawBannerString
0     81c6 UI_ProportionalStringWidth
0     8209 UI_DrawProportionalString2
0     82dc UI_ProportionalSizeScale
0     82eb UI_DrawProportionalString
0     845d CG_BubbleTrail
0     85fb CG_SmokePuff
0     8787 CG_SpawnEffect
0     881f CG_ScorePlum
0     88f0 CG_MakeExplosion
0     89fb CG_Bleed
0     8a63 CG_LaunchGib
0     8ae2 CG_GibPlayer
0     8de5 CG_LaunchExplode
0     8e64 CG_BigExplode
0     8ff4 CG_PositionEntityOnTag
0     90bd CG_PositionRotatedEntityOnTag
0     9183 CG_SetEntitySoundPosition
0     91dc CG_EntityEffects
0     9288 CG_General
0     92e9 CG_Speaker
0     9348 CG_Item
0     96b9 CG_Missile
0     97ca CG_Grapple
0     9841 CG_Mover
0     98b7 CG_Beam
0     98e3 CG_Portal
0     9952 CG_CreateRotationMatrix
0     9974 CG_TransposeMatrix
0     99bd CG_RotatePoint
0     9a25 CG_AdjustPositionForMover
0     9b86 CG_InterpolateEntityPosition
0     9c4a CG_CalcEntityLerpPositions
0     9ce5 CG_TeamBase
0     9d31 CG_AddCEntity
0     9dbf CG_AddPacketEntities
0     9e6d CG_PlaceString
0     9f1b CG_Obituary
0     a17b CG_UseItem
0     a21f CG_ItemPickup
0     a251 CG_WaterLevel
0     a2f5 CG_PainEvent
0     a39d CG_EntityEvent
0     ae95 CG_CheckEvents
0     af17 CG_DrawLoadingIcons
0     af94 CG_LoadingString
0     afa4 CG_LoadingItem
0     afe5 CG_LoadingClient
0     b0dc CG_DrawInformation
0     b35b CG_InitLocalEntities
0     b391 CG_FreeLocalEntity
0     b3c6 CG_AllocLocalEntity
0     b408 CG_BloodTrail
0     b481 CG_FragmentBounceMark
0     b524 CG_FragmentBounceSound
0     b578 CG_ReflectVelocity
0     b668 CG_AddFragment
0     b76e CG_AddFadeRGB
0     b840 CG_AddMoveScaleFade
0     b923 CG_AddScaleFade
0     b9bc CG_AddFallScaleFade
0     ba6a CG_AddExplosion
0     bad7 CG_AddSpriteExplosion
0     bb9b CG_AddScorePlum
0     bdd6 CG_AddLocalEntities
0     be5e CG_InitMarkPolys
0     be94 CG_FreeMarkPoly
0     bed5 CG_AllocMark
0     bf30 CG_ImpactMark
0     c21a CG_AddMarks
0     c437 CG_ClearParticles
0     c4da CG_AddParticleToScene
0     dc88 CG_AddParticles
0     de85 CG_ParticleSnowFlurry
0     e006 CG_ParticleSnow
0     e161 CG_ParticleBubble
0     e2e5 CG_ParticleSmoke
0     e3ed CG_ParticleBulletDebris
0     e4b7 CG_ParticleExplosion
0     e5cb CG_AddParticleShrapnel
0     e5ce CG_NewParticleArea
0     e70f CG_SnowLink
0     e755 CG_ParticleImpactSmokePuff
0     e83d CG_Particle_Bleed
0     e926 CG_Particle_OilParticle
0     ea31 CG_Particle_OilSlick
0     eb77 CG_OilSlickRemove
0     ebc2 ValidBloodPool
0     ecd9 CG_BloodPool
0     edd7 CG_ParticleBloodCloud
0     ef1c CG_ParticleSparks
0     f09b CG_ParticleDust
0     f2a6 CG_ParticleMisc
0     f34f CG_CustomSound
0     f3c3 CG_ParseAnimationFile
0     f821 CG_FileExists
0     f83d CG_FindClientModelFile
0     f9b5 CG_FindClientHeadFile
0     fb3e CG_RegisterClientSkin
0     fc0f CG_RegisterClientModelname
0     fe77 CG_ColorFromString
0     fedb CG_LoadClientInfo
0    10099 CG_CopyClientInfoModel
0    10170 CG_ScanForExistingClientInfo
0    10252 CG_SetDeferredClientInfo
0    1038d CG_NewClientInfo
0    1078d CG_LoadDeferredPlayers
0    107d8 CG_SetLerpFrameAnimation
0    1082e CG_RunLerpFrame
0    109f2 CG_ClearLerpFrame
0    10a2b CG_PlayerAnimation
0    10ae9 CG_SwingAngles
0    10bee CG_AddPainTwitch
0    10c35 CG_PlayerAngles
0    10e23 CG_HasteTrail
0    10ea4 CG_TrailItem
0    10f0c CG_PlayerFlag
0    110b5 CG_PlayerPowerups
0    111e6 CG_PlayerFloatSprite
0    11232 CG_PlayerSprites
0    1130c CG_PlayerShadow
0    1139f CG_PlayerSplash
0    11497 CG_AddRefEntityWithPowerups
0    1150f CG_LightVerts
0    11647 CG_Player
0    117c1 CG_ResetPlayerEntity
0    1189d CG_CheckAmmo
0    1192a CG_DamageFeedback
0    11a7b CG_Respawn
0    11a8c CG_CheckPlayerstateEvents
0    11b72 CG_CheckChangedPredictableEvents
0    11c03 pushReward
0    11c30 CG_CheckLocalSounds
0    11fa4 CG_TransitionPlayerState
0    1205a CG_BuildSolidList
0    120ee CG_ClipMoveToEntities
0    12201 CG_Trace
0    12245 CG_PointContents
0    122bd CG_InterpolatePlayerState
0    123fb CG_TouchItem
0    124c3 CG_TouchTriggerPrediction
0    12576 CG_PredictPlayerState
0    12828 CG_DrawClientScore
0    12b63 CG_TeamScoreboard
0    12bf1 CG_DrawOldScoreboard
0    12f99 CG_CenterGiantLine
0    12fde CG_DrawTourneyScoreboard
0    131b4 CG_ParseScores
0    133d8 CG_ParseTeamInfo
0    134cf CG_ParseServerinfo
0    135c6 CG_ParseWarmup
0    13609 CG_SetConfigValues
0    13670 CG_ShaderStateChanged
0    13728 CG_ConfigStringModified
0    138ea CG_AddToTeamChat
0    13a52 CG_MapRestart
0    13aa3 CG_RemoveChatEscapeChar
0    13aee CG_ServerCommand
0    13c78 CG_ExecuteNewServerCommands
0    13ca3 CG_ResetEntity
0    13ce3 CG_TransitionEntity
0    13d10 CG_SetInitialSnapshot
0    13d88 CG_TransitionSnapshot
0    13e81 CG_SetNextSnap
0    13f56 CG_ReadNextSnapshot
0    13fc5 CG_ProcessSnapshots
0    14075 CG_TestModel_f
0    14100 CG_TestGun_f
0    14112 CG_TestModelNextFrame_f
0    14128 CG_TestModelPrevFrame_f
0    14145 CG_TestModelNextSkin_f
0    1415b CG_TestModelPrevSkin_f
0    14178 CG_AddTestModel
0    14203 CG_CalcVrect
0    14270 CG_OffsetThirdPersonView
0    143e9 CG_StepOffset
0    1440b CG_OffsetFirstPersonView
0    145ea CG_ZoomDown_f
0    145fa CG_ZoomUp_f
0    1460a CG_CalcFov
0    14719 CG_DamageBlendBlob
0    147f9 CG_CalcViewValues
0    1490d CG_PowerupTimerSounds
0    1495d CG_AddBufferedSound
0    14987 CG_PlayBufferedSounds
0    149c0 CG_DrawActiveFrame
0    14b00 CG_MachineGunEjectBrass
0    14cf3 CG_ShotgunEjectBrass
0    14f14 CG_RailTrail
0    152b5 CG_RocketTrail
0    153ac CG_PlasmaTrail
0    15665 CG_GrappleTrail
0    156fa CG_GrenadeTrail
0    15706 CG_RegisterWeapon
0    15c1d CG_RegisterItemVisuals
0    15cc0 CG_MapTorsoToWeaponFrame
0    15d2d CG_CalculateWeaponPosition
0    15e0e CG_LightningBolt
0    15fe0 CG_MachinegunSpinAngle
0    16072 CG_AddWeaponWithPowerups
0    160b6 CG_AddPlayerWeapon
0    1648d CG_AddViewWeapon
0    165f6 CG_DrawWeaponSelect
0    16718 CG_WeaponSelectable
0    1673d CG_NextWeapon_f
0    16793 CG_PrevWeapon_f
0    167e9 CG_Weapon_f
0    1682e CG_OutOfAmmoChange
0    16853 CG_FireWeapon
0    16922 CG_MissileHitWall
0    16c1d CG_MissileHitPlayer
0    16c4d CG_ShotgunPellet
0    16d38 CG_ShotgunPattern
0    16df2 CG_ShotgunFire
0    16ebd CG_Tracer
0    170d7 CG_CalcMuzzlePoint
0    171cf CG_Bullet
0    172a3 VectorCompare
0    172db VectorLength
0    1730e VectorLengthSquared
0    1733a Distance
0    1737b DistanceSquared
0    173c9 VectorNormalizeFast
0    17424 VectorInverse
0    1744c CrossProduct
0    174b9 Q_rand
0    174ce Q_random
0    174e0 Q_crandom
0    174f1 ClampChar
0    1750c ClampShort
0    17527 DirToByte
0    17587 ByteToDir
0    175a5 ColorBytes3
0    17614 ColorBytes4
0    176a6 NormalizeColor
0    17720 PlaneFromPoints
0    177d6 RotatePointAroundVector
0    178e9 RotateAroundDirection
0    17927 vectoangles
0    179e4 AnglesToAxis
0    17a19 AxisClear
0    17a54 AxisCopy
0    17a80 ProjectPointOnPlane
0    17b3d MakeNormalVectors
0    17be4 VectorRotate
0    17c75 Q_rsqrt
0    17ca8 Q_fabs
0    17cb8 LerpAngle
0    17ced AngleSubtract
0    17d12 AnglesSubtract
0    17d6c AngleMod
0    17d82 AngleNormalize360
0    17d90 AngleNormalize180
0    17daf AngleDelta
0    17dbf SetPlaneSignbits
0    17df5 BoxOnPlaneSide
0    17edd RadiusFromBounds
0    17f38 ClearBounds
0    17f6f AddPointToBounds
0    18014 BoundsIntersect
0    18075 BoundsIntersectSphere
0    180eb BoundsIntersectPoint
0    1814b VectorNormalize
0    181be VectorNormalize2
0    18253 _VectorMA
0    182a5 _DotProduct
0    182da _VectorSubtract
0    1831f _VectorAdd
0    18364 _VectorCopy
0    18393 _VectorScale
0    183cf Vector4Scale
0    1841d Q_log2
0    18440 MatrixMultiply
0    185d9 AngleVectors
0    186d5 PerpendicularVector
0    18745 Q_isnan
0    1875d Q_IsColorString
0    187d0 Com_Clamp
0    187ee COM_SkipPath
0    18816 COM_GetExtension
0    18849 COM_StripExtension
0    188b8 COM_CompareExtension
0    188f4 COM_DefaultExtension
0    1892c CopyShortSwap
0    18947 CopyLongSwap
0    18976 ShortSwap
0    189a3 ShortNoSwap
0    189ae LongSwap
0    189fb LongNoSwap
0    18a01 Long64Swap
0    18a42 Long64NoSwap
0    18a4a FloatSwap
0    18a60 FloatNoSwap
0    18a67 COM_BeginParseSession
0    18a7c COM_GetCurrentParseLine
0    18a8b COM_Parse
0    18a9a COM_ParseError
0    18ac0 COM_ParseWarning
0    18ae6 SkipWhitespace
0    18b2a COM_Compress
0    18c91 COM_ParseExt
0    18dfb COM_MatchToken
0    18e24 SkipBracedSection
0    18e76 SkipRestOfLine
0    18eb4 Parse1DMatrix
0    18eff Parse2DMatrix
0    18f46 Parse3DMatrix
0    18f97 Com_HexStrToInt
0    19031 Q_isprint
0    19046 Q_islower
0    1905b Q_isupper
0    19070 Q_isalpha
0    1908d Q_isanumber
0    190b8 Q_isintegral
0    190d1 Q_strncpyz
0    19114 Q_stricmpn
0    191b1 Q_strncmp
0    19215 Q_stricmp
0    1923d Q_strlwr
0    19263 Q_strupr
0    19289 Q_strcat
0    192b5 Q_stristr
0    19348 Q_PrintStrlen
0    19389 Q_CleanStr
0    193df Q_CountChar
0    1940c Com_sprintf
0    1943e va
0    19476 Com_TruncateLongString
0    194ba Info_ValueForKey
0    195a2 Info_NextPair
0    19644 Info_RemoveKey
0    19728 Info_RemoveKey_Big
0    1980c Info_Validate
0    19833 Info_SetValueForKey
0    198eb Info_SetValueForKey_Big
0    19990 Com_CharIsOneOfCharset
0    199c3 Com_SkipCharset
0    199ed Com_SkipTokens
0   16c27c _stackStart
0   17c27c _stackEnd
1        4 forceModelModificationCount
1       2c cvarTable
1      55c cvarTableSize
1      58c bg_itemlist
1      d10 bg_numItems
1      d68 eventnames
1      eb4 pm_stopspeed
1      eb8 pm_duckScale
1      ebc pm_swimScale
1      ec0 pm_accelerate
1      ec4 pm_airaccelerate
1      ec8 pm_wateraccelerate
1      ecc pm_flyaccelerate
1      ed0 pm_friction
1      ed4 pm_waterfriction
1      ed8 pm_flightfriction
1      edc pm_spectatorfriction
1      ee0 c_pmove
1      f0c randSeed
1      f8c commands
1     1034 drawTeamOverlayModificationCount
1     10e8 propMap
1     16e8 propMapB
1     1a8c shaderAnimNames
1     1b0c shaderAnimCounts
1     1b8c shaderAnimSTRatio
1     1c0c cl_numparticles
1     1c10 initparticles
1     1c14 roll
1     1c18 cg_customSoundNames
1     1d5c vec3_origin
1     1d68 axisDefault
1     1d8c colorBlack
1     1d9c colorRed
1     1dac colorGreen
1     1dbc colorBlue
1     1dcc colorYellow
1     1ddc colorMagenta
1     1dec colorCyan
1     1dfc colorWhite
1     1e0c colorLtGrey
1     1e1c colorMdGrey
1     1e2c colorDkGrey
1     1e3c g_color_table
1     1ebc bytedirs
3      400 cg_pmove_msec
3      510 cg_hudFiles
3      620 cg_trueLightning
3      730 cg_oldPlasma
3      840 cg_oldRocket
3      950 cg_oldRail
3      a60 cg_noProjectileTrail
3      b70 cg_cameraMode
3      c80 cg_timescale
3      d90 cg_timescaleFadeSpeed
3      ea0 cg_timescaleFadeEnd
3      fb0 cg_cameraOrbitDelay
3     10c0 cg_cameraOrbit
3     11d0 pmove_msec
3     12e0 pmove_fixed
3     13f0 cg_smoothClients
3     1500 cg_scorePlum
3     1610 cg_teamChatsOnly
3     1720 cg_drawFriend
3     1830 cg_deferPlayers
3     1940 cg_predictItems
3     1a50 cg_blood
3     1b60 cg_paused
3     1c70 cg_buildScript
3     1d80 cg_forceModel
3     1e90 cg_stats
3     1fa0 cg_teamChatHeight
3     20b0 cg_teamChatTime
3     21c0 cg_synchronousClients
3     22d0 cg_drawAttacker
3     23e0 cg_lagometer
3     24f0 cg_thirdPerson
3     2600 cg_thirdPersonAngle
3     2710 cg_thirdPersonRange
3     2820 cg_zoomFov
3     2930 cg_fov
3     2a40 cg_simpleItems
3     2b50 cg_ignore
3     2c60 cg_autoswitch
3     2d70 cg_tracerLength
3     2e80 cg_tracerWidth
3     2f90 cg_tracerChance
3     30a0 cg_viewsize
3     31b0 cg_drawGun
3     32c0 cg_gun_z
3     33d0 cg_gun_y
3     34e0 cg_gun_x
3     35f0 cg_gun_frame
3     3700 cg_brassTime
3     3810 cg_addMarks
3     3920 cg_footsteps
3     3a30 cg_showmiss
3     3b40 cg_noPlayerAnims
3     3c50 cg_nopredict
3     3d60 cg_errorDecay
3     3e70 cg_railTrailTime
3     3f80 cg_debugEvents
3     4090 cg_debugPosition
3     41a0 cg_debugAnim
3     42b0 cg_animSpeed
3     43c0 cg_draw2D
3     44d0 cg_drawStatus
3     45e0 cg_crosshairHealth
3     46f0 cg_crosshairSize
3     4800 cg_crosshairY
3     4910 cg_crosshairX
3     4a20 cg_teamOverlayUserinfo
3     4b30 cg_drawTeamOverlay
3     4c40 cg_drawRewards
3     4d50 cg_drawCrosshairNames
3     4e60 cg_drawCrosshair
3     4f70 cg_drawAmmoWarning
3     5080 cg_drawIcons
3     5190 cg_draw3dIcons
3     52a0 cg_drawSnapshot
3     53b0 cg_drawFPS
3     54c0 cg_drawTimer
3     55d0 cg_gibs
3     56e0 cg_shadows
3     57f0 cg_swingSpeed
3     5900 cg_bobroll
3     5a10 cg_bobpitch
3     5b20 cg_bobup
3     5c30 cg_runroll
3     5d40 cg_runpitch
3     5e50 cg_centertime
3     5f60 cg_items
3     7760 cg_weapons
3     7fa0 cg_entities
3    bafa0 cg
3    d78ac cgs
3    fd180 pml
3    fd20c pm
3    fd228 lagometer
3    fd830 teamChat2
3    fd930 teamChat1
3    fda30 systemChat
3    fdb30 numSortedTeamPlayers
3    fdb34 sortedTeamPlayers
3    fdc10 loadingItemIcons
3    fdc78 loadingPlayerIcons
3    fdcb8 loadingItemIconCount
3    fdcbc loadingPlayerIconCount
3    fdcc0 cg_freeLocalEntities
3    fdcc4 cg_activeLocalEntities
3    fdde8 cg_localEntities
3   1225e8 markTotal
3   1225ec cg_freeMarkPolys
3   1225f0 cg_activeMarkPolys
3   122710 cg_markPolys
3   134710 oldtime
3   134714 rup
3   134720 rright
3   13472c rforward
3   134738 vup
3   134744 vright
3   134750 vforward
3   13475c particles
3   15375c free_particles
3   153760 active_particles
3   153764 numShaderAnims
3   153768 shaderAnims
3   155768 cg_triggerEntities
3   155b68 cg_numTriggerEntities
3   155b6c cg_solidEntities
3   155f6c cg_numSolidEntities
3   155f70 cg_pmove
3   156058 localClient
3   16ba74 com_tokenline
3   16ba78 com_lines
3   16ba7c com_parsename
3   16be7c com_token
