0 fffffdba trap_BotLibSourceFileAndLine
0 fffffdbb trap_BotLibReadToken
0 fffffdbc trap_BotLibFreeSource
0 fffffdbd trap_BotLibLoadSource
0 fffffdbe trap_AAS_PointReachabilityAreaIndex
0 fffffdbf trap_AAS_PredictRoute
0 fffffdc0 trap_AAS_AlternativeRouteGoals
0 fffffdc1 trap_BotAddAvoidSpot
0 fffffdc2 trap_BotSetAvoidGoalTime
0 fffffdc3 trap_BotPredictVisiblePosition
0 fffffdc4 trap_BotRemoveFromAvoidGoals
0 fffffdc5 trap_BotGetChatMessage
0 fffffdc6 trap_BotNumInitialChats
0 fffffdc7 trap_BotGetMapLocationGoal
0 fffffdc8 trap_BotGetNextCampSpotGoal
0 fffffdc9 trap_BotMutateGoalFuzzyLogic
0 fffffdca trap_BotInterbreedGoalFuzzyLogic
0 fffffdcb trap_GeneticParentsAndChildSelection
0 fffffdcc trap_BotResetWeaponState
0 fffffdcd trap_BotFreeWeaponState
0 fffffdce trap_BotAllocWeaponState
0 fffffdcf trap_BotLoadWeaponWeights
0 fffffdd0 trap_BotGetWeaponInfo
0 fffffdd1 trap_BotChooseBestFightWeapon
0 fffffdd2 trap_BotInitMoveState
0 fffffdd3 trap_BotFreeMoveState
0 fffffdd4 trap_BotAllocMoveState
0 fffffdd5 trap_BotMovementViewTarget
0 fffffdd6 trap_BotReachabilityArea
0 fffffdd7 trap_BotResetLastAvoidReach
0 fffffdd8 trap_BotResetAvoidReach
0 fffffdd9 trap_BotMoveInDirection
0 fffffdda trap_BotMoveToGoal
0 fffffddb trap_BotResetMoveState
0 fffffddc trap_BotFreeGoalState
0 fffffddd trap_BotAllocGoalState
0 fffffdde trap_BotFreeItemWeights
0 fffffdde trap_BotSaveGoalFuzzyLogic
0 fffffde0 trap_BotLoadItemWeights
0 fffffde1 trap_BotUpdateEntityItems
0 fffffde2 trap_BotInitLevelItems
0 fffffde3 trap_BotAvoidGoalTime
0 fffffde4 trap_BotGetLevelItemGoal
0 fffffde5 trap_BotItemGoalInVisButNotVisible
0 fffffde6 trap_BotTouchingGoal
0 fffffde7 trap_BotChooseNBGItem
0 fffffde8 trap_BotChooseLTGItem
0 fffffde9 trap_BotGetSecondGoal
0 fffffdea trap_BotGetTopGoal
0 fffffdeb trap_BotGoalName
0 fffffdec trap_BotDumpGoalStack
0 fffffded trap_BotDumpAvoidGoals
0 fffffdee trap_BotEmptyGoalStack
0 fffffdef trap_BotPopGoal
0 fffffdf0 trap_BotPushGoal
0 fffffdf1 trap_BotResetAvoidGoals
0 fffffdf2 trap_BotResetGoalState
0 fffffdf3 trap_BotSetChatName
0 fffffdf4 trap_BotSetChatGender
0 fffffdf5 trap_BotLoadChatFile
0 fffffdf6 trap_BotReplaceSynonyms
0 fffffdf7 trap_UnifyWhiteSpaces
0 fffffdf8 trap_BotMatchVariable
0 fffffdf9 trap_BotFindMatch
0 fffffdfa trap_StringContains
0 fffffdfb trap_BotEnterChat
0 fffffdfc trap_BotChatLength
0 fffffdfd trap_BotReplyChat
0 fffffdfe trap_BotInitialChat
0 fffffdff trap_BotNumConsoleMessages
0 fffffe00 trap_BotNextConsoleMessage
0 fffffe01 trap_BotRemoveConsoleMessage
0 fffffe02 trap_BotQueueConsoleMessage
0 fffffe03 trap_BotFreeChatState
0 fffffe04 trap_BotAllocChatState
0 fffffe05 trap_Characteristic_String
0 fffffe06 trap_Characteristic_BInteger
0 fffffe07 trap_Characteristic_Integer
0 fffffe08 trap_Characteristic_BFloat
0 fffffe09 trap_Characteristic_Float
0 fffffe0a trap_BotFreeCharacter
0 fffffe0b trap_BotLoadCharacter
0 fffffe58 trap_EA_ResetInput
0 fffffe59 trap_EA_GetInput
0 fffffe5a trap_EA_EndRegular
0 fffffe5b trap_EA_View
0 fffffe5c trap_EA_Move
0 fffffe5d trap_EA_DelayedJump
0 fffffe5e trap_EA_Jump
0 fffffe5f trap_EA_SelectWeapon
0 fffffe60 trap_EA_MoveRight
0 fffffe61 trap_EA_MoveLeft
0 fffffe62 trap_EA_MoveBack
0 fffffe63 trap_EA_MoveForward
0 fffffe64 trap_EA_MoveDown
0 fffffe65 trap_EA_MoveUp
0 fffffe66 trap_EA_Crouch
0 fffffe67 trap_EA_Respawn
0 fffffe68 trap_EA_Use
0 fffffe69 trap_EA_Attack
0 fffffe6a trap_EA_Talk
0 fffffe6b trap_EA_Gesture
0 fffffe6c trap_EA_Action
0 fffffe6d trap_EA_Command
0 fffffe6e trap_EA_SayTeam
0 fffffe6f trap_EA_Say
0 fffffec1 trap_AAS_PredictClientMovement
0 fffffec2 trap_AAS_Swimming
0 fffffec3 trap_AAS_AreaTravelTimeToGoalArea
0 fffffec4 trap_AAS_AreaReachability
0 fffffec5 trap_AAS_IntForBSPEpairKey
0 fffffec6 trap_AAS_FloatForBSPEpairKey
0 fffffec7 trap_AAS_VectorForBSPEpairKey
0 fffffec8 trap_AAS_ValueForBSPEpairKey
0 fffffec9 trap_AAS_NextBSPEntity
0 fffffeca trap_AAS_PointContents
0 fffffecb trap_AAS_TraceAreas
0 fffffecc trap_AAS_PointAreaNum
0 fffffecd trap_AAS_Time
0 fffffece trap_AAS_PresenceTypeBoundingBox
0 fffffecf trap_AAS_Initialized
0 fffffed0 trap_AAS_EntityInfo
0 fffffed1 trap_AAS_AreaInfo
0 fffffed2 trap_AAS_BBoxAreas
0 fffffed3 trap_AAS_EnableRoutingArea
0 ffffff2c trap_BotUserCommand
0 ffffff2d trap_BotGetServerCommand
0 ffffff2e trap_BotGetSnapshotEntity
0 ffffff2f trap_BotLibTest
0 ffffff30 trap_BotLibUpdateEntity
0 ffffff31 trap_BotLibLoadMap
0 ffffff32 trap_BotLibStartFrame
0 ffffff33 trap_BotLibDefine
0 ffffff34 trap_BotLibVarGet
0 ffffff35 trap_BotLibVarSet
0 ffffff36 trap_BotLibShutdown
0 ffffff37 trap_BotLibSetup
0 ffffff8e testPrintFloat
0 ffffff8f testPrintInt
0 ffffff90 ceil
0 ffffff91 floor
0 ffffff95 sqrt
0 ffffff96 atan2
0 ffffff97 cos
0 ffffff98 sin
0 ffffff99 strncpy
0 ffffff9a memcpy
0 ffffff9b memset
0 ffffffd2 trap_FS_Seek
0 ffffffd3 trap_EntityContactCapsule
0 ffffffd4 trap_TraceCapsule
0 ffffffd5 trap_SnapVector
0 ffffffd6 trap_RealTime
0 ffffffd7 trap_DebugPolygonDelete
0 ffffffd8 trap_DebugPolygonCreate
0 ffffffd9 trap_FS_GetFileList
0 ffffffda trap_GetEntityToken
0 ffffffdb trap_GetUsercmd
0 ffffffdc trap_BotFreeClient
0 ffffffdd trap_BotAllocateClient
0 ffffffde trap_EntityContact
0 ffffffdf trap_EntitiesInBox
0 ffffffe0 trap_UnlinkEntity
0 ffffffe1 trap_LinkEntity
0 ffffffe2 trap_AreasConnected
0 ffffffe3 trap_AdjustAreaPortalState
0 ffffffe4 trap_InPVSIgnorePortals
0 ffffffe5 trap_InPVS
0 ffffffe6 trap_PointContents
0 ffffffe7 trap_Trace
0 ffffffe8 trap_SetBrushModel
0 ffffffe9 trap_GetServerinfo
0 ffffffea trap_SetUserinfo
0 ffffffeb trap_GetUserinfo
0 ffffffec trap_GetConfigstring
0 ffffffed trap_SetConfigstring
0 ffffffee trap_SendServerCommand
0 ffffffef trap_DropClient
0 fffffff0 trap_LocateGameData
0 fffffff1 trap_SendConsoleCommand
0 fffffff2 trap_FS_FCloseFile
0 fffffff3 trap_FS_Write
0 fffffff4 trap_FS_Read
0 fffffff5 trap_FS_FOpenFile
0 fffffff6 trap_Argv
0 fffffff7 trap_Argc
0 fffffff8 trap_Cvar_VariableStringBuffer
0 fffffff9 trap_Cvar_VariableIntegerValue
0 fffffffa trap_Cvar_Set
0 fffffffb trap_Cvar_Update
0 fffffffc trap_Cvar_Register
0 fffffffd trap_Milliseconds
0 fffffffe trap_Error
0 ffffffff trap_Print
0        0 vmMain
0       96 G_Printf
0       b1 G_Error
0       cc G_FindTeams
0      1db G_RemapTeamShaders
0      1de G_RegisterCvars
0      257 G_UpdateCvars
0      2cb G_InitGame
0      40c G_ShutdownGame
0      43e Com_Error
0      459 Com_Printf
0      474 AddTournamentPlayer
0      4f3 AddTournamentQueue
0      53c RemoveTournamentLoser
0      563 RemoveTournamentWinner
0      58a AdjustTournamentScores
0      5df SortRanks
0      6bd CalculateRanks
0      93d SendScoreboardMessageToAllClients
0      966 MoveClientToIntermission
0      9dd FindIntermissionPoint
0      a4d BeginIntermission
0      aa2 ExitLevel
0      b64 G_LogPrintf
0      bdf LogExit
0      c71 CheckIntermissionExit
0      d44 ScoreIsTied
0      d9b CheckExitRules
0      edc CheckTournament
0     1042 CheckVote
0     10a5 PrintTeam
0     10d8 SetLeader
0     1198 CheckTeamLeader
0     1239 CheckTeamVote
0     12fc CheckCvars
0     1329 G_RunThink
0     1360 G_RunFrame
0     14ba BotNumActivePlayers
0     151e BotIsFirstInRankings
0     1590 BotIsLastInRankings
0     1602 BotFirstClientInRankings
0     1686 BotLastClientInRankings
0     170a BotRandomOpponentName
0     17e1 BotMapTitle
0     1802 BotWeaponNameForMeansOfDeath
0     1843 BotRandomWeaponName
0     188c BotVisibleEnemies
0     1919 BotValidChatPosition
0     19ec BotChat_EnterGame
0     1aa6 BotChat_ExitGame
0     1b51 BotChat_StartLevel
0     1bf1 BotChat_EndLevel
0     1d34 BotChat_Death
0     1fa6 BotChat_Kill
0     20fa BotChat_EnemySuicide
0     21b7 BotChat_HitTalking
0     22a7 BotChat_HitNoDeath
0     23b4 BotChat_HitNoKill
0     2495 BotChat_Random
0     261a BotChatTime
0     261f BotChatTest
0     2ed3 BotGetItemTeamGoal
0     2f1a BotGetMessageTeamGoal
0     2f57 BotGetTime
0     2fd6 FindClientByName
0     3037 FindEnemyByName
0     30bc NumPlayersOnSameTeam
0     310a BotGetPatrolWaypoints
0     3242 BotAddressedToBot
0     3363 BotGPSToPosition
0     3403 BotMatch_HelpAccompany
0     3640 BotMatch_DefendKeyArea
0     36fa BotMatch_GetItem
0     3796 BotMatch_Camp
0     3957 BotMatch_Patrol
0     39fb BotMatch_GetFlag
0     3a93 BotMatch_AttackEnemyBase
0     3b17 BotMatch_RushBase
0     3b9b BotMatch_TaskPreference
0     3c67 BotMatch_ReturnFlag
0     3cde BotMatch_JoinSubteam
0     3d51 BotMatch_LeaveSubteam
0     3dbc BotMatch_WhichTeam
0     3e16 BotMatch_CheckPoint
0     3f80 BotMatch_FormationSpace
0     3fe2 BotMatch_Dismiss
0     404a BotMatch_Suicide
0     40a2 BotMatch_StartTeamLeaderShip
0     4101 BotMatch_StopTeamLeaderShip
0     4172 BotMatch_WhoIsTeamLeader
0     41a6 BotMatch_WhatAreYouDoing
0     42c5 BotMatch_WhatIsMyCommand
0     42f0 BotNearestVisibleItem
0     438d BotMatch_WhereAreYou
0     44bb BotMatch_LeadTheWay
0     4619 BotMatch_Kill
0     46ba BotMatch_CTF
0     4793 BotMatch_EnterGame
0     47b8 BotMatch_NewLeader
0     47f1 BotMatchMessage
0     4955 BotResetNodeSwitches
0     495b BotDumpNodeSwitches
0     499e BotRecordNodeSwitch
0     49da BotGetAirGoal
0     4a97 BotGoForAir
0     4b14 BotNearbyGoal
0     4b80 BotReachedGoal
0     4c84 BotGetItemLongTermGoal
0     4d1b BotGetLongTermGoal
0     5ba4 BotLongTermGoal
0     5e09 AIEnter_Intermission
0     5e45 AINode_Intermission
0     5e88 AIEnter_Observer
0     5ea8 AINode_Observer
0     5ec0 AIEnter_Stand
0     5ee3 AINode_Stand
0     5f80 AIEnter_Respawn
0     6004 AINode_Respawn
0     6084 BotSelectActivateWeapon
0     6145 BotClearPath
0     639a AIEnter_Seek_ActivateEntity
0     63b0 AINode_Seek_ActivateEntity
0     67de AIEnter_Seek_NBG
0     6821 AINode_Seek_NBG
0     6a9b AIEnter_Seek_LTG
0     6ade AINode_Seek_LTG
0     6e2b AIEnter_Battle_Fight
0     6e5c AIEnter_Battle_SuicidalFight
0     6e8d AINode_Battle_Fight
0     7141 AIEnter_Battle_Chase
0     7162 AINode_Battle_Chase
0     740d AIEnter_Battle_Retreat
0     7423 AINode_Battle_Retreat
0     7726 AIEnter_Battle_NBG
0     773c AINode_Battle_NBG
0     79c4 BotSetUserInfo
0     79f7 BotCTFCarryingFlag
0     7a1a BotTeam
0     7a5c BotOppositeTeam
0     7a7e BotEnemyFlag
0     7a92 BotTeamFlag
0     7aa6 EntityIsDead
0     7ad6 EntityCarriesFlag
0     7af5 EntityIsInvisible
0     7b16 EntityIsShooting
0     7b28 EntityIsChatting
0     7b3a EntityHasQuad
0     7b4c BotRememberLastOrderedTask
0     7b89 BotSetTeamStatus
0     7b8c BotSetLastOrderedTask
0     7c80 BotRefuseOrder
0     7cc1 BotCTFSeekGoals
0     8217 BotCTFRetreatGoals
0     8261 BotTeamGoals
0     8284 BotPointAreaNum
0     82c7 ClientName
0     8319 ClientSkin
0     8365 ClientFromName
0     83aa ClientOnSameTeamFromName
0     8403 stristr
0     846d EasyClientName
0     85e8 BotSynonymContext
0     860e BotChooseWeapon
0     866d BotSetupForMovement
0     872a BotCheckItemPickup
0     872d BotUpdateInventory
0     8978 BotUpdateBattleInventory
0     89be BotBattleUseItems
0     89fe BotSetTeleportTime
0     8a25 BotIsDead
0     8a3a BotIsObserver
0     8a70 BotIntermission
0     8a95 BotInLavaOrSlime
0     8aaf BotCreateWayPoint
0     8b0d BotFindWayPoint
0     8b3c BotFreeWaypoints
0     8b61 BotInitWaypoints
0     8b85 TeamPlayIsOn
0     8b97 BotAggression
0     8c5f BotFeelingBad
0     8c94 BotWantsToRetreat
0     8cea BotWantsToChase
0     8d39 BotWantsToHelp
0     8d3e BotCanAndWantsToRocketJump
0     8da9 BotHasPersistantPowerupAndWeapon
0     8e5f BotGoCamp
0     8edb BotWantsToCamp
0     8ffc BotDontAvoid
0     9038 BotGoForPowerups
0     906d BotRoamGoal
0     9202 BotAttackMove
0     94f1 BotSameTeam
0     9547 InFieldOfVision
0     95d4 BotEntityVisible
0     983e BotFindEnemy
0     9ac7 BotTeamFlagCarrierVisible
0     9b3c BotTeamFlagCarrier
0     9b8e BotEnemyFlagCarrierVisible
0     9c03 BotVisibleTeamMatesAndEnemies
0     9cd3 BotAimAtEnemy
0     a4b1 BotCheckAttack
0     a72a BotMapScripts
0     a930 BotSetMovedir
0     a96b BotModelMinsMaxs
0     aa67 BotFuncButtonActivateGoal
0     af7f BotFuncDoorActivateGoal
0     b044 BotTriggerMultipleActivateGoal
0     b184 BotPopFromActivateGoalStack
0     b1c3 BotPushOntoActivateGoalStack
0     b253 BotClearActivateGoalStack
0     b269 BotEnableActivateGoalAreas
0     b2c1 BotIsGoingToActivateEntity
0     b337 BotGetActivateGoal
0     b7c1 BotGoForActivateGoal
0     b818 BotPrintActivateGoalInfo
0     b896 BotRandomMove
0     b8d7 BotAIBlocked
0     ba7a BotAIPredictObstacles
0     bb75 BotCheckConsoleMessages
0     bd7c BotCheckForGrenades
0     bdaa BotCheckEvents
0     bfcb BotCheckSnapshot
0     c03a BotCheckAir
0     c05c BotAlternateRoute
0     c0bf BotGetAlternateRouteGoal
0     c163 BotSetupAlternativeRouteGoals
0     c16f BotDeathmatchAI
0     c33e BotSetEntityNumForGoalWithModel
0     c3c6 BotSetEntityNumForGoal
0     c43e BotSetEntityNumForGoalWithActivator
0     c4c0 BotGoalForBSPEntity
0     c560 BotSetupDeathmatchAI
0     c644 BotShutdownDeathmatchAI
0     c64a BotAI_Print
0     c6a6 BotAI_Trace
0     c71e BotAI_GetClientState
0     c74f BotAI_GetEntityState
0     c794 BotAI_GetSnapshotEntity
0     c7c5 BotAI_BotInitialChat
0     c847 BotTestAAS
0     c8be BotReportStatus
0     ca4a BotTeamplayReport
0     cb35 BotSetInfoConfigString
0     cca2 BotUpdateInfoConfigStrings
0     ccff BotInterbreedBots
0     cdd8 BotWriteInterbreeded
0     ce40 BotInterbreedEndMatch
0     ce7b BotInterbreeding
0     cf12 BotEntityInfo
0     cf1e NumBots
0     cf24 BotTeamLeader
0     cf54 AngleDifference
0     cf84 BotChangeViewAngle
0     cff8 BotChangeViewAngles
0     d1f5 BotInputToUserCommand
0     d511 BotUpdateInput
0     d5c6 BotAIRegularUpdate
0     d5d7 RemoveColorEscapeSequences
0     d638 BotAI
0     d884 BotScheduleBotThink
0     d8c8 BotWriteSessionData
0     d95e BotReadSessionData
0     d9e0 BotAISetupClient
0     dc29 BotAIShutdownClient
0     dccd BotResetState
0     ddea BotAILoadMap
0     de3b BotAIStartFrame
0     e182 BotInitLibrary
0     e35c BotAISetup
0     e406 BotAIShutdown
0     e448 BotValidTeamLeader
0     e46f BotNumTeamMates
0     e4e5 BotClientTravelTimeToGoal
0     e520 BotSortTeamMatesByBaseTravelTime
0     e635 BotSetTeamMateTaskPreference
0     e65b BotGetTeamMateTaskPreference
0     e696 BotSortTeamMatesByTaskPreference
0     e7a3 BotSayTeamOrderAlways
0     e7f6 BotSayTeamOrder
0     e802 BotVoiceChat
0     e805 BotVoiceChatOnly
0     e808 BotSayVoiceTeamOrder
0     e80b BotCTFOrders_BothFlagsNotAtBase
0     eacf BotCTFOrders_FlagNotAtBase
0     ee4b BotCTFOrders_EnemyFlagNotAtBase
0     f0bc BotCTFOrders_BothFlagsAtBase
0     f43f BotCTFOrders
0     f4a3 BotCreateGroup
0     f511 BotTeamOrders
0     f601 FindHumanTeamLeader
0     f669 BotTeamAI
0     f886 BotVoiceChat_GetFlag
0     f8f8 BotVoiceChat_Offense
0     f95b BotVoiceChat_Defend
0     f9df BotVoiceChat_DefendFlag
0     f9ee BotVoiceChat_Patrol
0     fa36 BotVoiceChat_Camp
0     fb19 BotVoiceChat_FollowMe
0     fc09 BotVoiceChat_FollowFlagCarrier
0     fc27 BotVoiceChat_ReturnFlag
0     fc78 BotVoiceChat_StartLeader
0     fc88 BotVoiceChat_StopLeader
0     fcb4 BotVoiceChat_WhoIsLeader
0     fd02 BotVoiceChat_WantOnDefense
0     fd6d BotVoiceChat_WantOnOffense
0     fdd8 BotVoiceChat_Dummy
0     fddb BotVoiceChatCommand
0     ff03 BG_FindItemForPowerup
0     ff4a BG_FindItemForHoldable
0     ff88 BG_FindItemForWeapon
0     ffbf BG_FindItem
0     ffee BG_PlayerTouchesItem
0    1004e BG_CanItemBeGrabbed
0    10183 BG_EvaluateTrajectory
0    10319 BG_EvaluateTrajectoryDelta
0    10415 BG_AddPredictableEventToPlayerstate
0    1044c BG_TouchJumpPad
0    104c0 BG_PlayerStateToEntityState
0    106b4 BG_PlayerStateToEntityStateExtraPolate
0    108b5 PM_AddEvent
0    108c4 PM_AddTouchEnt
0    1091d PM_StartTorsoAnim
0    10943 PM_StartLegsAnim
0    10973 PM_ContinueLegsAnim
0    10993 PM_ContinueTorsoAnim
0    109b3 PM_ForceLegsAnim
0    109c3 PM_ClipVelocity
0    10a3e PM_Friction
0    10b31 PM_Accelerate
0    10bad PM_CmdScale
0    10c51 PM_SetMovementDir
0    10d9d PM_CheckJump
0    10e2a PM_CheckWaterJump
0    10f13 PM_WaterJumpMove
0    10f54 PM_WaterMove
0    1108a PM_FlyMove
0    1111a PM_AirMove
0    111c1 PM_GrappleMove
0    11278 PM_WalkMove
0    1147c PM_DeadMove
0    114f5 PM_NoclipMove
0    1164d PM_FootstepForSurface
0    11666 PM_CrashLand
0    11767 PM_CorrectAllSolid
0    11856 PM_GroundTraceMissed
0    118ef PM_GroundTrace
0    11a64 PM_SetWaterLevel
0    11b39 PM_CheckDuck
0    11c8a PM_Footsteps
0    11e0a PM_WaterEvents
0    11e61 PM_BeginWeaponChange
0    11eab PM_FinishWeaponChange
0    11ef3 PM_TorsoAnimation
0    11f12 PM_Weapon
0    12138 PM_Animate
0    1215d PM_DropTimers
0    121e7 PM_UpdateViewAngles
0    1228f PmoveSingle
0    12578 Pmove
0    12604 PM_SlideMove
0    12a14 PM_StepSlideMove
0    12b9b swapfunc
0    12c22 med3
0    12cb5 qsort
0    13072 strlen
0    1308d strcat
0    130d4 strcpy
0    1310d strcmp
0    13153 strchr
0    13183 strrchr
0    131b6 strstr
0    13204 tolower
0    1321c toupper
0    13234 memmove
0    13287 powN
0    132e6 tan
0    132fd srand
0    13304 rand
0    1331a atof
0    133e3 _atof
0    134b2 strtod
0    13819 atoi
0    1389a _atoi
0    13921 strtol
0    13a75 abs
0    13a8e fabs
0    13aa7 dopr
0    141a6 fmtstr
0    1428a fmtint
0    14441 abs_val
0    14454 round
0    14475 fmtfp
0    14726 dopr_outch
0    1474f Q_vsnprintf
0    14765 sscanf
0    148a4 P_DamageFeedback
0    14963 P_WorldEffects
0    14ab6 G_SetClientSound
0    14ae7 ClientImpacts
0    14b8a G_TouchTriggers
0    14d58 SpectatorThink
0    14e11 ClientInactivityTimer
0    14eaf ClientTimerActions
0    14f9e ClientIntermissionThink
0    14ff1 ClientEvents
0    15168 SendPendingPredictableEvents
0    15214 ClientThink_real
0    15569 ClientThink
0    155a8 G_RunClient
0    155d3 SpectatorClientEndFrame
0    156be ClientEndFrame
0    1578b UpdateTournamentInfo
0    158d1 SpawnModelOnVictoryPad
0    15ac5 CelebrateStop
0    15af3 CelebrateStart
0    15b2a PodiumPlacementThink
0    15db2 SpawnPodium
0    15e8f SpawnModelsOnVictoryPads
0    15f37 Svcmd_AbortPodium_f
0    15f51 trap_Cvar_VariableValue
0    15f67 G_ParseInfos
0    1605d G_LoadArenasFromFile
0    160dd G_LoadArenas
0    16187 G_GetArenaInfoByMap
0    161c6 PlayerIntroSound
0    16217 G_CountBotPlayersByName
0    16286 G_SelectRandomBotInfo
0    16347 G_AddRandomBot
0    1637f G_RemoveRandomBot
0    163da G_CountHumanPlayers
0    1642f G_CountBotPlayers
0    16484 G_CheckMinimumPlayers
0    165b8 G_CheckBotSpawn
0    16616 AddBotToSpawnQueue
0    16659 G_RemoveQueuedBotBegin
0    16681 G_BotConnect
0    166d1 G_AddBot
0    169af Svcmd_AddBot_f
0    16a51 Svcmd_BotList_f
0    16b0d G_SpawnBots
0    16bc7 G_LoadBotsFromFile
0    16c47 G_LoadBots
0    16cd4 G_GetBotInfoByNumber
0    16cff G_GetBotInfoByName
0    16d42 G_InitBots
0    16e31 SP_info_player_deathmatch
0    16e6a SP_info_player_start
0    16e79 SP_info_player_intermission
0    16e7c SpotWouldTelefrag
0    16ef9 SelectNearestDeathmatchSpawnPoint
0    16f62 SelectRandomDeathmatchSpawnPoint
0    16ff0 SelectRandomFurthestSpawnPoint
0    1718c SelectSpawnPoint
0    171a2 SelectInitialSpawnPoint
0    17234 SelectSpectatorSpawnPoint
0    17244 InitBodyQue
0    17274 BodySink
0    172aa CopyToBodyQue
0    17424 SetClientViewAngle
0    1747e ClientRespawn
0    1748d TeamCount
0    174d6 TeamLeader
0    1751b PickTeam
0    17555 ClientCleanName
0    1761f ClientUserinfoChanged
0    17895 ClientConnect
0    179f2 ClientBegin
0    17a8a ClientSpawn
0    17e59 ClientDisconnect
0    17fa6 DeathmatchScoreboardMessage
0    180e5 Cmd_Score_f
0    180ee CheatsOk
0    1811e ConcatArgs
0    18189 StringIsInteger
0    181ce ClientNumberFromString
0    1826f Cmd_Give_f
0    18436 Cmd_God_f
0    1847f Cmd_Notarget_f
0    184c8 Cmd_Noclip_f
0    1851f Cmd_LevelShot_f
0    1856c Cmd_TeamTask_f
0    185c3 Cmd_Kill_f
0    18611 BroadcastTeamChange
0    1868b SetTeam
0    188fa StopFollowing
0    1896a Cmd_Team_f
0    18a24 Cmd_Follow_f
0    18acb Cmd_FollowCycle_f
0    18ba8 G_SayTo
0    18c3d G_Say
0    18db3 SanitizeChatText
0    18de6 Cmd_Say_f
0    18e25 Cmd_Tell_f
0    18edb Cmd_GameCommand_f
0    18fda Cmd_Where_f
0    18ffc Cmd_CallVote_f
0    1938e Cmd_Vote_f
0    1944a Cmd_CallTeamVote_f
0    1978a Cmd_TeamVote_f
0    1987f Cmd_SetViewpos_f
0    198fe Cmd_Stats_f
0    19901 ClientCommand
0    19b54 ScorePlum
0    19b89 AddScore
0    19bdb TossClientItems
0    19cb9 LookAtKiller
0    19d73 GibEntity
0    19de5 body_die
0    19e05 CheckAlmostCapture
0    19eea CheckAlmostScored
0    19f85 player_die
0    1a352 CheckArmor
0    1a3af RaySphereIntersections
0    1a553 G_Damage
0    1a8f6 CanDamage
0    1ab27 G_RadiusDamage
0    1acb8 Pickup_Powerup
0    1ae0f Pickup_Holdable
0    1ae40 Add_Ammo
0    1ae77 Pickup_Ammo
0    1aeac Pickup_Weapon
0    1af6f Pickup_Health
0    1aff9 Pickup_Armor
0    1b041 RespawnItem
0    1b18d Touch_Item
0    1b3cc LaunchItem
0    1b49c Drop_Item
0    1b4ff Use_Item
0    1b508 FinishSpawningItem
0    1b64f G_CheckTeamItems
0    1b6a1 ClearRegisteredItems
0    1b6c5 RegisterItem
0    1b6dd SaveRegisteredItems
0    1b72a G_ItemDisabled
0    1b743 G_SpawnItem
0    1b7ad G_BounceItem
0    1b909 G_RunItem
0    1b9d7 G_Alloc
0    1ba26 G_InitMemory
0    1ba2c Svcmd_GameMem_f
0    1ba39 SP_info_camp
0    1ba4b SP_info_null
0    1ba54 SP_info_notnull
0    1ba66 SP_light
0    1ba6f TeleportPlayer
0    1bbab SP_misc_teleporter_dest
0    1bbae SP_misc_model
0    1bbb7 locateCamera
0    1bc9a SP_misc_portal_surface
0    1bd04 SP_misc_portal_camera
0    1bd56 Use_Shooter
0    1be6c InitShooter_Finish
0    1be90 InitShooter
0    1befe SP_shooter_rocket
0    1bf09 SP_shooter_plasma
0    1bf14 SP_shooter_grenade
0    1bf1f G_BounceMissile
0    1c045 G_ExplodeMissile
0    1c0eb G_MissileImpact
0    1c3a5 G_RunMissile
0    1c48a fire_plasma
0    1c56b fire_grenade
0    1c652 fire_bfg
0    1c733 fire_rocket
0    1c814 fire_grapple
0    1c8f3 G_TestEntityPosition
0    1c96c G_CreateRotationMatrix
0    1c98e G_TransposeMatrix
0    1c9d7 G_RotatePoint
0    1ca3f G_TryPushingEntity
0    1ccc8 G_CheckProxMinePosition
0    1cd59 G_TryPushingProxMine
0    1ce8f G_MoverPush
0    1d19b G_MoverTeam
0    1d2ce G_RunMover
0    1d2ff SetMoverState
0    1d41e MatchTeam
0    1d446 ReturnToPos1
0    1d477 Reached_BinaryMover
0    1d526 Use_BinaryMover
0    1d643 InitMover
0    1d7b8 Blocked_Door
0    1d832 Touch_DoorTriggerSpectator
0    1d8d6 Touch_DoorTrigger
0    1d928 Think_SpawnNewDoorTrigger
0    1da29 Think_MatchTeam
0    1da3f SP_func_door
0    1dbd7 Touch_Plat
0    1dbfe Touch_PlatCenterTrigger
0    1dc27 SpawnPlatTrigger
0    1dd03 SP_func_plat
0    1ddee Touch_Button
0    1de11 SP_func_button
0    1df33 Think_BeginMoving
0    1df43 Reached_Train
0    1e04d Think_SetupTrainTargets
0    1e104 SP_path_corner
0    1e125 SP_func_train
0    1e1b6 SP_func_static
0    1e1e1 SP_func_rotating
0    1e26f SP_func_bobbing
0    1e311 SP_func_pendulum
0    1e3ba G_WriteClientSessionData
0    1e410 G_ReadSessionData
0    1e469 G_InitSessionData
0    1e529 G_InitWorldSession
0    1e54c G_WriteSessionData
0    1e587 G_SpawnString
0    1e5d3 G_SpawnFloat
0    1e5f5 G_SpawnInt
0    1e617 G_SpawnVector
0    1e646 SP_item_botroam
0    1e649 G_CallSpawn
0    1e6cc G_NewString
0    1e754 G_ParseField
0    1e844 G_SpawnGEntityFromSpawnVars
0    1e9b1 G_AddSpawnVarToken
0    1e9f2 G_ParseSpawnVars
0    1ea82 SP_worldspawn
0    1eb5a G_SpawnEntitiesFromString
0    1eb83 StringToFilter
0    1ec4f UpdateIPBans
0    1ed0a G_FilterPacket
0    1edbd AddIP
0    1ee13 G_ProcessIPBans
0    1ee69 Svcmd_AddIP_f
0    1ee89 Svcmd_RemoveIP_f
0    1eef1 Svcmd_EntityList_f
0    1efab ClientForString
0    1f046 Svcmd_ForceTeam_f
0    1f08b ConsoleCommand
0    1f18e Use_Target_Give
0    1f1f0 SP_target_give
0    1f1f9 Use_target_remove_powerups
0    1f249 SP_target_remove_powerups
0    1f252 Think_Target_Delay
0    1f265 Use_Target_Delay
0    1f2a0 SP_target_delay
0    1f2d7 Use_Target_Score
0    1f2ef SP_target_score
0    1f305 Use_Target_Print
0    1f390 SP_target_print
0    1f399 Use_Target_Speaker
0    1f404 SP_target_speaker
0    1f4f1 target_laser_think
0    1f635 target_laser_on
0    1f650 target_laser_off
0    1f65f target_laser_use
0    1f682 target_laser_start
0    1f70f SP_target_laser
0    1f721 target_teleporter_use
0    1f756 SP_target_teleporter
0    1f781 target_relay_use
0    1f81a SP_target_relay
0    1f823 target_kill_use
0    1f844 SP_target_kill
0    1f84d SP_target_position
0    1f85f target_location_linkup
0    1f8d3 SP_target_location
0    1f8f4 Team_InitGame
0    1f91a OtherTeam
0    1f930 TeamName
0    1f94d TeamColorString
0    1f96a PrintMsg
0    1f9c2 AddTeamScore
0    1fa4d OnSameTeam
0    1fa95 Team_SetFlagStatus
0    1fb06 Team_CheckDroppedItem
0    1fb40 Team_ForceGesture
0    1fb89 Team_FragBonuses
0    20078 Team_CheckHurtCarrier
0    20116 Team_ResetFlag
0    20180 Team_ResetFlags
0    20191 Team_ReturnFlagSound
0    201ce Team_TakeFlagSound
0    2023d Team_CaptureFlagSound
0    2027a Team_ReturnFlag
0    202af Team_FreeEntity
0    202e3 Team_DroppedFlagThink
0    20324 Team_TouchOurFlag
0    205a0 Team_TouchEnemyFlag
0    205f4 Pickup_Team
0    20662 Team_GetLocation
0    206dc Team_GetLocationMsg
0    20743 SelectRandomTeamSpawnPoint
0    207df SelectCTFSpawnPoint
0    20827 SortClients
0    20832 TeamplayInfoMessage
0    209c0 CheckTeamStatus
0    20a63 SP_team_CTF_redplayer
0    20a66 SP_team_CTF_blueplayer
0    20a69 SP_team_CTF_redspawn
0    20a6c SP_team_CTF_bluespawn
0    20a6f InitTrigger
0    20aaa multi_wait
0    20ab3 multi_trigger
0    20b60 Use_Multi
0    20b6c Touch_Multi
0    20b81 SP_trigger_multiple
0    20bdc trigger_always_think
0    20bf2 SP_trigger_always
0    20c04 trigger_push_touch
0    20c1c AimAtTarget
0    20d1d SP_trigger_push
0    20d5e Use_target_push
0    20db1 SP_target_push
0    20e5b trigger_teleporter_touch
0    20eb5 SP_trigger_teleport
0    20f00 hurt_use
0    20f18 hurt_touch
0    20f97 SP_trigger_hurt
0    20fe1 func_timer_think
0    2101b func_timer_use
0    2103e SP_func_timer
0    210b0 AddRemap
0    2112b BuildShaderStateConfig
0    21171 G_FindConfigstringIndex
0    211e5 G_ModelIndex
0    211f8 G_SoundIndex
0    2120b G_TeamCommand
0    2124d G_Find
0    212a8 G_PickTarget
0    21312 G_UseTargets
0    213ad tv
0    213df vtos
0    2141f G_SetMovedir
0    21474 vectoyaw
0    214ca G_InitGentity
0    214ec G_Spawn
0    21597 G_EntitiesFree
0    215ca G_FreeEntity
0    215fd G_TempEntity
0    2164b G_KillBox
0    21707 G_AddPredictableEvent
0    21722 G_AddEvent
0    217b2 G_Sound
0    217cb G_SetOrigin
0    2180a DebugLine
0    2190d G_BounceProjectile
0    219d2 Weapon_Gauntlet
0    219d5 CheckGauntletAttack
0    21ad9 SnapVectorTowards
0    21b32 Bullet_Fire
0    21cbc BFG_Fire
0    21cf0 ShotgunPellet
0    21d7e ShotgunPattern
0    21e62 weapon_supershotgun_fire
0    21ee1 weapon_grenadelauncher_fire
0    21f25 Weapon_RocketLauncher_Fire
0    21f59 Weapon_Plasmagun_Fire
0    21f8d weapon_railgun_fire
0    221a2 Weapon_GrapplingHook_Fire
0    221d1 Weapon_HookFree
0    221fe Weapon_HookThink
0    22290 Weapon_LightningFire
0    22393 LogAccuracyHit
0    223ea CalcMuzzlePoint
0    22474 CalcMuzzlePointOrigin
0    224fe FireWeapon
0    225dc VectorCompare
0    22614 VectorLength
0    22647 VectorLengthSquared
0    22673 Distance
0    226b4 DistanceSquared
0    22702 VectorNormalizeFast
0    2275d VectorInverse
0    22785 CrossProduct
0    227f2 Q_rand
0    22807 Q_random
0    22819 Q_crandom
0    2282a ClampChar
0    22845 ClampShort
0    22860 DirToByte
0    228c0 ByteToDir
0    228de ColorBytes3
0    2294d ColorBytes4
0    229df NormalizeColor
0    22a59 PlaneFromPoints
0    22b0f RotatePointAroundVector
0    22c22 RotateAroundDirection
0    22c60 vectoangles
0    22d1d AnglesToAxis
0    22d52 AxisClear
0    22d8d AxisCopy
0    22db9 ProjectPointOnPlane
0    22e76 MakeNormalVectors
0    22f1d VectorRotate
0    22fae Q_rsqrt
0    22fe1 Q_fabs
0    22ff1 LerpAngle
0    23026 AngleSubtract
0    2304b AnglesSubtract
0    230a5 AngleMod
0    230bb AngleNormalize360
0    230c9 AngleNormalize180
0    230e8 AngleDelta
0    230f8 SetPlaneSignbits
0    2312e BoxOnPlaneSide
0    23216 RadiusFromBounds
0    23271 ClearBounds
0    232a8 AddPointToBounds
0    2334d BoundsIntersect
0    233ae BoundsIntersectSphere
0    23424 BoundsIntersectPoint
0    23484 VectorNormalize
0    234f7 VectorNormalize2
0    2358c _VectorMA
0    235de _DotProduct
0    23613 _VectorSubtract
0    23658 _VectorAdd
0    2369d _VectorCopy
0    236cc _VectorScale
0    23708 Vector4Scale
0    23756 Q_log2
0    23779 MatrixMultiply
0    23912 AngleVectors
0    23a0e PerpendicularVector
0    23a7e Q_isnan
0    23a96 Q_IsColorString
0    23b09 Com_Clamp
0    23b27 COM_SkipPath
0    23b4f COM_GetExtension
0    23b82 COM_StripExtension
0    23bf1 COM_CompareExtension
0    23c2d COM_DefaultExtension
0    23c65 CopyShortSwap
0    23c80 CopyLongSwap
0    23caf ShortSwap
0    23cdc ShortNoSwap
0    23ce7 LongSwap
0    23d34 LongNoSwap
0    23d3a Long64Swap
0    23d7b Long64NoSwap
0    23d83 FloatSwap
0    23d99 FloatNoSwap
0    23da0 COM_BeginParseSession
0    23db5 COM_GetCurrentParseLine
0    23dc4 COM_Parse
0    23dd3 COM_ParseError
0    23df9 COM_ParseWarning
0    23e1f SkipWhitespace
0    23e63 COM_Compress
0    23fca COM_ParseExt
0    24134 COM_MatchToken
0    2415d SkipBracedSection
0    241af SkipRestOfLine
0    241ed Parse1DMatrix
0    24238 Parse2DMatrix
0    2427f Parse3DMatrix
0    242d0 Com_HexStrToInt
0    2436a Q_isprint
0    2437f Q_islower
0    24394 Q_isupper
0    243a9 Q_isalpha
0    243c6 Q_isanumber
0    243f1 Q_isintegral
0    2440a Q_strncpyz
0    2444d Q_stricmpn
0    244ea Q_strncmp
0    2454e Q_stricmp
0    24576 Q_strlwr
0    2459c Q_strupr
0    245c2 Q_strcat
0    245ee Q_stristr
0    24681 Q_PrintStrlen
0    246c2 Q_CleanStr
0    24718 Q_CountChar
0    24745 Com_sprintf
0    24777 va
0    247af Com_TruncateLongString
0    247f3 Info_ValueForKey
0    248db Info_NextPair
0    2497d Info_RemoveKey
0    24a61 Info_RemoveKey_Big
0    24b45 Info_Validate
0    24b6c Info_SetValueForKey
0    24c24 Info_SetValueForKey_Big
0    24cc9 Com_CharIsOneOfCharset
0    24cfc Com_SkipCharset
0    24d26 Com_SkipTokens
0   149c74 _stackStart
0   159c74 _stackEnd
1        4 gameCvarTable
1      50c gameCvarTableSize
1      744 VEC_UP
1      750 MOVEDIR_UP
1      75c VEC_DOWN
1      768 MOVEDIR_DOWN
1      b80 voiceCommands
1      bf8 bg_itemlist
1     137c bg_numItems
1     13d4 eventnames
1     1520 pm_stopspeed
1     1524 pm_duckScale
1     1528 pm_swimScale
1     152c pm_accelerate
1     1530 pm_airaccelerate
1     1534 pm_wateraccelerate
1     1538 pm_flyaccelerate
1     153c pm_friction
1     1540 pm_waterfriction
1     1544 pm_flightfriction
1     1548 pm_spectatorfriction
1     154c c_pmove
1     1578 randSeed
1     1604 offsetFirst
1     1610 offsetSecond
1     161c offsetThird
1     1628 playerMins
1     1634 playerMaxs
1     1668 gc_orders
1     1684 numgc_orders
1     1688 gameNames
1     16a8 modNames
1     1750 fields
1     1840 spawns
1     1a2c remapCount
1     1a94 vec3_origin
1     1aa0 axisDefault
1     1ac4 colorBlack
1     1ad4 colorRed
1     1ae4 colorGreen
1     1af4 colorBlue
1     1b04 colorYellow
1     1b14 colorMagenta
1     1b24 colorCyan
1     1b34 colorWhite
1     1b44 colorLtGrey
1     1b54 colorMdGrey
1     1b64 colorDkGrey
1     1b74 g_color_table
1     1bf4 bytedirs
2     5c01 ctfFlagStatusRemap
2     5c06 oneFlagStatusRemap
3        0 g_listEntity
3      110 g_podiumDrop
3      220 g_podiumDist
3      330 g_logfileSync
3      440 g_logfile
3      550 g_clients
3     c750 g_localTeamPref
3     c860 g_rankings
3     c970 pmove_msec
3     ca80 pmove_fixed
3     cb90 g_smoothClients
3     cca0 g_filterBan
3     cdb0 g_banIPs
3     cec0 g_teamForceBalance
3     cfd0 g_teamAutoJoin
3     d0e0 g_allowVote
3     d1f0 g_blood
3     d300 g_doWarmup
3     d410 g_warmup
3     d520 g_motd
3     d630 g_synchronousClients
3     d740 g_weaponTeamRespawn
3     d850 g_weaponRespawn
3     d960 g_debugDamage
3     da70 g_debugAlloc
3     db80 g_debugMove
3     dc90 g_inactivity
3     dda0 g_forcerespawn
3     deb0 g_quadfactor
3     dfc0 g_knockback
3     e0d0 g_speed
3     e1e0 g_gravity
3     e2f0 g_needpass
3     e400 g_password
3     e510 g_friendlyFire
3     e620 g_capturelimit
3     e730 g_timelimit
3     e840 g_fraglimit
3     e950 g_dmflags
3     ea60 g_restarted
3     eb70 g_maxGameClients
3     ec80 g_maxclients
3     ed90 g_cheats
3     eea0 g_dedicated
3     efb0 g_gametype
3     f0c0 g_entities
3    d80c0 level
3    da59c notleader
3    da69c nodeswitch
3    dc34c numnodeswitches
3    dc350 blue_numaltroutegoals
3    dc354 blue_altroutegoals
3    dc654 red_numaltroutegoals
3    dc658 red_altroutegoals
3    dc958 altroutegoals_setup
3    dc95c max_bspmodelindex
3    dc960 lastteleport_time
3    dc964 lastteleport_origin
3    dc970 g_spSkill
3    dca80 bot_predictobstacles
3    dcb90 botai_freewaypoints
3    dcb94 botai_waypoints
3    dfd94 ctf_blueflag
3    dfdcc ctf_redflag
3    dfe04 bot_challenge
3    dff14 bot_testrchat
3    e0024 bot_nochat
3    e0134 bot_fastchat
3    e0244 bot_rocketjump
3    e0354 bot_grapple
3    e0464 gametype
3    e0474 bot_interbreedwrite
3    e0584 bot_interbreedcycle
3    e0694 bot_interbreedbots
3    e07a4 bot_interbreedchar
3    e08b4 bot_developer
3    e09c4 bot_testclusters
3    e0ad4 bot_testsolid
3    e0be4 bot_report
3    e0cf4 bot_pause
3    e0e04 bot_saveroutingcache
3    e0f14 bot_memorydump
3    e1024 bot_thinktime
3    e1134 bot_interbreedmatchcount
3    e1138 bot_interbreed
3    e113c regularupdate_time
3    e1140 numbots
3    e1144 botstates
3    e1244 floattime
3    e1248 ctftaskpreferences
3    e1c48 pml
3    e1cd4 pm
3    e1cd8 podium3
3    e1cdc podium2
3    e1ce0 podium1
3    e1ce8 bot_minplayers
3    e1df8 botSpawnQueue
3    e1e78 g_arenaInfos
3    e2e78 g_numArenas
3    e2e7c g_botInfos
3    e3e7c g_numBots
3    e4284 itemRegistered
3    e4684 allocPoint
3    e4688 memoryPool
3   124688 pushed_p
3   12468c pushed
3   12c68c numIPFilters
3   12c690 ipFilters
3   12e690 neutralObelisk
3   12e694 teamgame
3   12f820 remappedShaders
3   133a20 muzzle
3   133a2c up
3   133a38 right
3   133a44 forward
3   133a50 s_quadFactor
3   14946c com_tokenline
3   149470 com_lines
3   149474 com_parsename
3   149874 com_token
